// Jest Snapshot v1, https://goo.gl/fbAQLP

exports[`Test del componente AddCategory en sus funciones Debe de mostrar el componente correctamente 1`] = `
<form
  onSubmit={[Function]}
>
  <p />
  <input
    onChange={[Function]}
    type="text"
    value=""
  />
</form>
`;
